{
  "version": "1.5.0",
  "plugins_used": [
    {
      "name": "ArtifactoryDetector"
    },
    {
      "name": "AWSKeyDetector"
    },
    {
      "name": "AzureStorageKeyDetector"
    },
    {
      "name": "Base64HighEntropyString",
      "limit": 4.5
    },
    {
      "name": "BasicAuthDetector"
    },
    {
      "name": "CloudantDetector"
    },
    {
      "name": "DiscordBotTokenDetector"
    },
    {
      "name": "GitHubTokenDetector"
    },
    {
      "name": "GitLabTokenDetector"
    },
    {
      "name": "HexHighEntropyString",
      "limit": 3.0
    },
    {
      "name": "IbmCloudIamDetector"
    },
    {
      "name": "IbmCosHmacDetector"
    },
    {
      "name": "IPPublicDetector"
    },
    {
      "name": "JwtTokenDetector"
    },
    {
      "name": "KeywordDetector",
      "keyword_exclude": ""
    },
    {
      "name": "MailchimpDetector"
    },
    {
      "name": "NpmDetector"
    },
    {
      "name": "OpenAIDetector"
    },
    {
      "name": "PrivateKeyDetector"
    },
    {
      "name": "PypiTokenDetector"
    },
    {
      "name": "SendGridDetector"
    },
    {
      "name": "SlackDetector"
    },
    {
      "name": "SoftlayerDetector"
    },
    {
      "name": "SquareOAuthDetector"
    },
    {
      "name": "StripeDetector"
    },
    {
      "name": "TelegramBotTokenDetector"
    },
    {
      "name": "TwilioKeyDetector"
    }
  ],
  "filters_used": [
    {
      "path": "detect_secrets.filters.allowlist.is_line_allowlisted"
    },
    {
      "path": "detect_secrets.filters.common.is_ignored_due_to_verification_policies",
      "min_level": 2
    },
    {
      "path": "detect_secrets.filters.heuristic.is_indirect_reference"
    },
    {
      "path": "detect_secrets.filters.heuristic.is_likely_id_string"
    },
    {
      "path": "detect_secrets.filters.heuristic.is_lock_file"
    },
    {
      "path": "detect_secrets.filters.heuristic.is_not_alphanumeric_string"
    },
    {
      "path": "detect_secrets.filters.heuristic.is_potential_uuid"
    },
    {
      "path": "detect_secrets.filters.heuristic.is_prefixed_with_dollar_sign"
    },
    {
      "path": "detect_secrets.filters.heuristic.is_sequential_string"
    },
    {
      "path": "detect_secrets.filters.heuristic.is_swagger_file"
    },
    {
      "path": "detect_secrets.filters.heuristic.is_templated_secret"
    }
  ],
  "results": {
    ".github/workflows/test.yml": [
      {
        "type": "Secret Keyword",
        "filename": ".github/workflows/test.yml",
        "hashed_secret": "afc848c316af1a89d49826c5ae9d00ed769415f3",
        "is_verified": false,
        "line_number": 40
      },
      {
        "type": "Basic Auth Credentials",
        "filename": ".github/workflows/test.yml",
        "hashed_secret": "afc848c316af1a89d49826c5ae9d00ed769415f3",
        "is_verified": false,
        "line_number": 50
      }
    ],
    "README.md": [
      {
        "type": "Basic Auth Credentials",
        "filename": "README.md",
        "hashed_secret": "afc848c316af1a89d49826c5ae9d00ed769415f3",
        "is_verified": false,
        "line_number": 15
      },
      {
        "type": "Basic Auth Credentials",
        "filename": "README.md",
        "hashed_secret": "dc76e9f0c0006e8f919e0c515c66dbba3982f785",
        "is_verified": false,
        "line_number": 17
      }
    ],
    "install": [
      {
        "type": "Secret Keyword",
        "filename": "install",
        "hashed_secret": "679ae046341a9ed3e706925a4f7cc369b54495ab",
        "is_verified": false,
        "line_number": 82
      },
      {
        "type": "Basic Auth Credentials",
        "filename": "install",
        "hashed_secret": "afc848c316af1a89d49826c5ae9d00ed769415f3",
        "is_verified": false,
        "line_number": 87
      },
      {
        "type": "Secret Keyword",
        "filename": "install",
        "hashed_secret": "784019feea6002b74127b1969c455df01c3b6738",
        "is_verified": false,
        "line_number": 97
      },
      {
        "type": "Basic Auth Credentials",
        "filename": "install",
        "hashed_secret": "dc76e9f0c0006e8f919e0c515c66dbba3982f785",
        "is_verified": false,
        "line_number": 111
      }
    ],
    "src/rpi_controller/templates/admin/device/schedule_details.html": [
      {
        "type": "Base64 High Entropy String",
        "filename": "src/rpi_controller/templates/admin/device/schedule_details.html",
        "hashed_secret": "bda4195ff28a812d14a7e4dd172299f68962d55a",
        "is_verified": false,
        "line_number": 4
      }
    ],
    "src/rpi_controller/templates/rpi_controller/base.html": [
      {
        "type": "Base64 High Entropy String",
        "filename": "src/rpi_controller/templates/rpi_controller/base.html",
        "hashed_secret": "bda4195ff28a812d14a7e4dd172299f68962d55a",
        "is_verified": false,
        "line_number": 11
      }
    ],
    "tests/unit/monitoring/backends/test_influxdb.py": [
      {
        "type": "Basic Auth Credentials",
        "filename": "tests/unit/monitoring/backends/test_influxdb.py",
        "hashed_secret": "5baa61e4c9b93f3f0682250b6cf8331b7ee68fd8",
        "is_verified": false,
        "line_number": 19
      },
      {
        "type": "Secret Keyword",
        "filename": "tests/unit/monitoring/backends/test_influxdb.py",
        "hashed_secret": "5baa61e4c9b93f3f0682250b6cf8331b7ee68fd8",
        "is_verified": false,
        "line_number": 44
      }
    ]
  },
  "generated_at": "2025-08-13T08:49:22Z"
}
